// Jest Snapshot v1, https://goo.gl/fbAQLP

exports[`WaypointItemDropArea test 1`] = `
<div
  className="app__waypoints__drop-area"
  onDragEnter={[Function]}
  onDragLeave={[Function]}
  onDragOver={[Function]}
  onDrop={[Function]}
/>
`;
